12:11:45 **** Incremental Build of configuration Debug for project bluePill_interruptions ****
make -j4 all 
arm-none-eabi-gcc "../Src/main.c" -mcpu=cortex-m3 -std=gnu11 -g3 -DDEBUG -DSTM32 -DSTM32F1 -DSTM32F103C8Tx -c -I../Inc -O0 -ffunction-sections -fdata-sections -Wall -fstack-usage -fcyclomatic-complexity -MMD -MP -MF"Src/main.d" -MT"Src/main.o" --specs=nano.specs -mfloat-abi=soft -mthumb -o "Src/main.o"
arm-none-eabi-gcc -o "bluePill_interruptions.elf" @"objects.list"   -mcpu=cortex-m3 -T"/home/zxcv/Documents/stm32/bluePill_interruptions/STM32F103C8TX_FLASH.ld" --specs=nosys.specs -Wl,-Map="bluePill_interruptions.map" -Wl,--gc-sections -static --specs=nano.specs -mfloat-abi=soft -mthumb -Wl,--start-group -lc -lm -Wl,--end-group
Finished building target: bluePill_interruptions.elf
 
arm-none-eabi-size  bluePill_interruptions.elf 
arm-none-eabi-objdump -h -S bluePill_interruptions.elf  > "bluePill_interruptions.list"
   text	   data	    bss	    dec	    hex	filename
   3272	     92	   1900	   5264	   1490	bluePill_interruptions.elf
Finished building: default.size.stdout
 
Finished building: bluePill_interruptions.list
 

12:11:46 Build Finished. 0 errors, 0 warnings. (took 1s.625ms)

