18:17:04 **** Incremental Build of configuration Debug for project 003_arm_gcc_inline_assembly ****
make -j4 all 
arm-none-eabi-gcc -mcpu=cortex-m4 -g3 -DDEBUG -c -x assembler-with-cpp -MMD -MP -MF"Startup/startup_stm32f407vgtx.d" -MT"Startup/startup_stm32f407vgtx.o" --specs=nano.specs -mfloat-abi=soft -mthumb -o "Startup/startup_stm32f407vgtx.o" "../Startup/startup_stm32f407vgtx.s"
arm-none-eabi-gcc "../Src/main.c" -mcpu=cortex-m4 -std=gnu11 -g3 -DDEBUG -DSTM32 -DSTM32F407G_DISC1 -DSTM32F4 -DSTM32F407VGTx -c -I../Inc -O0 -ffunction-sections -fdata-sections -Wall -fstack-usage -fcyclomatic-complexity -MMD -MP -MF"Src/main.d" -MT"Src/main.o" --specs=nano.specs -mfloat-abi=soft -mthumb -o "Src/main.o"
arm-none-eabi-gcc "../Src/syscalls.c" -mcpu=cortex-m4 -std=gnu11 -g3 -DDEBUG -DSTM32 -DSTM32F407G_DISC1 -DSTM32F4 -DSTM32F407VGTx -c -I../Inc -O0 -ffunction-sections -fdata-sections -Wall -fstack-usage -fcyclomatic-complexity -MMD -MP -MF"Src/syscalls.d" -MT"Src/syscalls.o" --specs=nano.specs -mfloat-abi=soft -mthumb -o "Src/syscalls.o"
arm-none-eabi-gcc "../Src/sysmem.c" -mcpu=cortex-m4 -std=gnu11 -g3 -DDEBUG -DSTM32 -DSTM32F407G_DISC1 -DSTM32F4 -DSTM32F407VGTx -c -I../Inc -O0 -ffunction-sections -fdata-sections -Wall -fstack-usage -fcyclomatic-complexity -MMD -MP -MF"Src/sysmem.d" -MT"Src/sysmem.o" --specs=nano.specs -mfloat-abi=soft -mthumb -o "Src/sysmem.o"
arm-none-eabi-gcc -o "003_arm_gcc_inline_assembly.elf" @"objects.list"   -mcpu=cortex-m4 -T"/home/zxcv/Documents/stm32/003_arm_gcc_inline_assembly/STM32F407VGTX_FLASH.ld" --specs=nosys.specs -Wl,-Map="003_arm_gcc_inline_assembly.map" -Wl,--gc-sections -static --specs=nano.specs -mfloat-abi=soft -mthumb -Wl,--start-group -lc -lm -Wl,--end-group
Finished building target: 003_arm_gcc_inline_assembly.elf
 
arm-none-eabi-size  003_arm_gcc_inline_assembly.elf 
arm-none-eabi-objdump -h -S 003_arm_gcc_inline_assembly.elf  > "003_arm_gcc_inline_assembly.list"
   text	   data	    bss	    dec	    hex	filename
    672	      0	   1568	   2240	    8c0	003_arm_gcc_inline_assembly.elf
Finished building: default.size.stdout
 
Finished building: 003_arm_gcc_inline_assembly.list
 
18:20:05 **** Incremental Build of configuration Debug for project 003_arm_gcc_inline_assembly ****
make -j4 all 
arm-none-eabi-size  003_arm_gcc_inline_assembly.elf 
   text	   data	    bss	    dec	    hex	filename
    672	      0	   1568	   2240	    8c0	003_arm_gcc_inline_assembly.elf
Finished building: default.size.stdout
 
18:21:16 **** Incremental Build of configuration Debug for project 003_arm_gcc_inline_assembly ****
make -j4 all 
arm-none-eabi-size  003_arm_gcc_inline_assembly.elf 
   text	   data	    bss	    dec	    hex	filename
    672	      0	   1568	   2240	    8c0	003_arm_gcc_inline_assembly.elf
Finished building: default.size.stdout
 
